Running 975-test base gate...
Running PR baseline benchmark (best of 3)...
  pr-baseline run 1: combined=5246us parse=3412us render=1834us allocations=25791
  pr-baseline run 2: combined=5241us parse=3453us render=1788us allocations=25791
  pr-baseline run 3: combined=5286us parse=3449us render=1837us allocations=25791
Running candidate benchmark (best of 3)...
  candidate run 1: combined=3597us parse=2153us render=1444us allocations=12331
  candidate run 2: combined=3624us parse=2142us render=1482us allocations=12331
  candidate run 3: combined=3659us parse=2177us render=1482us allocations=12331
Verifying render correctness...
Render correctness verified.
---
efficiency_score: 1.745709
pr_baseline_combined_us: 5241
pr_baseline_allocations: 25791
combined_us:      3597
parse_us:         2153
render_us:        1444
allocations:      12331
correct:          975
total:            975
valid:            true
