Running 975-test base gate...
Running PR baseline benchmark (best of 3)...
  pr-baseline run 1: combined=5648us parse=3779us render=1869us allocations=25791
  pr-baseline run 2: combined=5161us parse=3420us render=1741us allocations=25791
  pr-baseline run 3: combined=5174us parse=3424us render=1750us allocations=25791
Running candidate benchmark (best of 3)...
  candidate run 1: combined=3681us parse=2166us render=1515us allocations=12256
  candidate run 2: combined=3803us parse=2238us render=1565us allocations=12256
  candidate run 3: combined=3658us parse=2121us render=1537us allocations=12256
Verifying render correctness...
Render correctness verified.
---
efficiency_score: 1.723077
pr_baseline_combined_us: 5161
pr_baseline_allocations: 25791
combined_us:      3658
parse_us:         2121
render_us:        1537
allocations:      12256
correct:          975
total:            975
valid:            true
