Running 975-test base gate...
Running PR baseline benchmark (best of 3)...
  pr-baseline run 1: combined=5331us parse=3517us render=1814us allocations=25791
  pr-baseline run 2: combined=5427us parse=3499us render=1928us allocations=25791
  pr-baseline run 3: combined=5409us parse=3560us render=1849us allocations=25791
Running candidate benchmark (best of 3)...
  candidate run 1: combined=3974us parse=2293us render=1681us allocations=12254
  candidate run 2: combined=3809us parse=2266us render=1543us allocations=12254
  candidate run 3: combined=3698us parse=2178us render=1520us allocations=12254
Verifying render correctness...
Render correctness verified.
---
efficiency_score: 1.741871
pr_baseline_combined_us: 5331
pr_baseline_allocations: 25791
combined_us:      3698
parse_us:         2178
render_us:        1520
allocations:      12254
correct:          975
total:            975
valid:            true
