Running 975-test base gate...
Running PR baseline benchmark (best of 3)...
  pr-baseline run 1: combined=5320us parse=3435us render=1885us allocations=25792
  pr-baseline run 2: combined=5421us parse=3573us render=1848us allocations=25791
  pr-baseline run 3: combined=5328us parse=3497us render=1831us allocations=25792
Running candidate benchmark (best of 3)...
  candidate run 1: combined=3706us parse=2169us render=1537us allocations=12254
  candidate run 2: combined=3698us parse=2135us render=1563us allocations=12254
  candidate run 3: combined=3775us parse=2191us render=1584us allocations=12254
Verifying render correctness...
Render correctness verified.
---
efficiency_score: 1.740107
pr_baseline_combined_us: 5320
pr_baseline_allocations: 25792
combined_us:      3698
parse_us:         2135
render_us:        1563
allocations:      12254
correct:          975
total:            975
valid:            true
